[2025-04-17T10:18:08.285+0300][gc,init] CardTable entry size: 512
[2025-04-17T10:18:08.285+0300][gc     ] Using G1
[2025-04-17T10:18:08.291+0300][gc,init] Version: 21.0.6+7-Ubuntu-124.04.1 (release)
[2025-04-17T10:18:08.291+0300][gc,init] CPUs: 8 total, 8 available
[2025-04-17T10:18:08.291+0300][gc,init] Memory: 7708M
[2025-04-17T10:18:08.291+0300][gc,init] Large Page Support: Disabled
[2025-04-17T10:18:08.291+0300][gc,init] NUMA Support: Disabled
[2025-04-17T10:18:08.291+0300][gc,init] Compressed Oops: Enabled (32-bit)
[2025-04-17T10:18:08.291+0300][gc,init] Heap Region Size: 1M
[2025-04-17T10:18:08.291+0300][gc,init] Heap Min Capacity: 1G
[2025-04-17T10:18:08.291+0300][gc,init] Heap Initial Capacity: 1G
[2025-04-17T10:18:08.291+0300][gc,init] Heap Max Capacity: 1G
[2025-04-17T10:18:08.291+0300][gc,init] Pre-touch: Disabled
[2025-04-17T10:18:08.291+0300][gc,init] Parallel Workers: 8
[2025-04-17T10:18:08.291+0300][gc,init] Concurrent Workers: 2
[2025-04-17T10:18:08.291+0300][gc,init] Concurrent Refinement Workers: 8
[2025-04-17T10:18:08.291+0300][gc,init] Periodic GC: Disabled
[2025-04-17T10:18:08.296+0300][gc,metaspace] CDS archive(s) mapped at: [0x00007aa263000000-0x00007aa263c97000-0x00007aa263c97000), size 13201408, SharedBaseAddress: 0x00007aa263000000, ArchiveRelocationMode: 1.
[2025-04-17T10:18:08.296+0300][gc,metaspace] Compressed class space mapped at: 0x00007aa264000000-0x00007aa2a4000000, reserved size: 1073741824
[2025-04-17T10:18:08.296+0300][gc,metaspace] Narrow klass base: 0x00007aa263000000, Narrow klass shift: 0, Narrow klass range: 0x100000000
[2025-04-17T10:18:09.536+0300][gc,start    ] GC(0) Pause Young (Normal) (G1 Evacuation Pause)
[2025-04-17T10:18:09.537+0300][gc,task     ] GC(0) Using 8 workers of 8 for evacuation
[2025-04-17T10:18:09.541+0300][gc,phases   ] GC(0)   Pre Evacuate Collection Set: 0.2ms
[2025-04-17T10:18:09.541+0300][gc,phases   ] GC(0)   Merge Heap Roots: 0.0ms
[2025-04-17T10:18:09.541+0300][gc,phases   ] GC(0)   Evacuate Collection Set: 3.1ms
[2025-04-17T10:18:09.541+0300][gc,phases   ] GC(0)   Post Evacuate Collection Set: 0.6ms
[2025-04-17T10:18:09.541+0300][gc,phases   ] GC(0)   Other: 0.5ms
[2025-04-17T10:18:09.541+0300][gc,heap     ] GC(0) Eden regions: 51->0(44)
[2025-04-17T10:18:09.541+0300][gc,heap     ] GC(0) Survivor regions: 0->7(7)
[2025-04-17T10:18:09.541+0300][gc,heap     ] GC(0) Old regions: 2->3
[2025-04-17T10:18:09.541+0300][gc,heap     ] GC(0) Humongous regions: 0->0
[2025-04-17T10:18:09.541+0300][gc,metaspace] GC(0) Metaspace: 18689K(18944K)->18689K(18944K) NonClass: 16399K(16512K)->16399K(16512K) Class: 2290K(2432K)->2290K(2432K)
[2025-04-17T10:18:09.541+0300][gc          ] GC(0) Pause Young (Normal) (G1 Evacuation Pause) 52M->8M(1024M) 4.577ms
[2025-04-17T10:18:09.541+0300][gc,cpu      ] GC(0) User=0.02s Sys=0.00s Real=0.00s
[2025-04-17T10:18:09.692+0300][gc,start    ] GC(1) Pause Young (Concurrent Start) (Metadata GC Threshold)
[2025-04-17T10:18:09.692+0300][gc,task     ] GC(1) Using 8 workers of 8 for evacuation
[2025-04-17T10:18:09.695+0300][gc,phases   ] GC(1)   Pre Evacuate Collection Set: 0.2ms
[2025-04-17T10:18:09.695+0300][gc,phases   ] GC(1)   Merge Heap Roots: 0.0ms
[2025-04-17T10:18:09.695+0300][gc,phases   ] GC(1)   Evacuate Collection Set: 2.9ms
[2025-04-17T10:18:09.695+0300][gc,phases   ] GC(1)   Post Evacuate Collection Set: 0.4ms
[2025-04-17T10:18:09.695+0300][gc,phases   ] GC(1)   Other: 0.0ms
[2025-04-17T10:18:09.695+0300][gc,heap     ] GC(1) Eden regions: 10->0(50)
[2025-04-17T10:18:09.695+0300][gc,heap     ] GC(1) Survivor regions: 7->1(7)
[2025-04-17T10:18:09.695+0300][gc,heap     ] GC(1) Old regions: 3->10
[2025-04-17T10:18:09.695+0300][gc,heap     ] GC(1) Humongous regions: 0->0
[2025-04-17T10:18:09.695+0300][gc,metaspace] GC(1) Metaspace: 21312K(21504K)->21312K(21504K) NonClass: 18601K(18688K)->18601K(18688K) Class: 2710K(2816K)->2710K(2816K)
[2025-04-17T10:18:09.695+0300][gc          ] GC(1) Pause Young (Concurrent Start) (Metadata GC Threshold) 17M->9M(1024M) 3.724ms
[2025-04-17T10:18:09.695+0300][gc,cpu      ] GC(1) User=0.02s Sys=0.00s Real=0.01s
[2025-04-17T10:18:09.695+0300][gc          ] GC(2) Concurrent Mark Cycle
[2025-04-17T10:18:09.695+0300][gc,marking  ] GC(2) Concurrent Scan Root Regions
[2025-04-17T10:18:09.698+0300][gc,marking  ] GC(2) Concurrent Scan Root Regions 2.131ms
[2025-04-17T10:18:09.698+0300][gc,marking  ] GC(2) Concurrent Mark
[2025-04-17T10:18:09.698+0300][gc,marking  ] GC(2) Concurrent Mark From Roots
[2025-04-17T10:18:09.698+0300][gc,task     ] GC(2) Using 2 workers of 2 for marking
[2025-04-17T10:18:09.699+0300][gc,marking  ] GC(2) Concurrent Mark From Roots 1.367ms
[2025-04-17T10:18:09.699+0300][gc,marking  ] GC(2) Concurrent Preclean
[2025-04-17T10:18:09.699+0300][gc,marking  ] GC(2) Concurrent Preclean 0.006ms
[2025-04-17T10:18:09.699+0300][gc,start    ] GC(2) Pause Remark
[2025-04-17T10:18:09.701+0300][gc          ] GC(2) Pause Remark 9M->9M(1024M) 1.138ms
[2025-04-17T10:18:09.701+0300][gc,cpu      ] GC(2) User=0.00s Sys=0.00s Real=0.00s
[2025-04-17T10:18:09.701+0300][gc,marking  ] GC(2) Concurrent Mark 3.129ms
[2025-04-17T10:18:09.701+0300][gc,marking  ] GC(2) Concurrent Rebuild Remembered Sets and Scrub Regions
[2025-04-17T10:18:09.702+0300][gc,marking  ] GC(2) Concurrent Rebuild Remembered Sets and Scrub Regions 1.553ms
[2025-04-17T10:18:09.702+0300][gc,start    ] GC(2) Pause Cleanup
[2025-04-17T10:18:09.702+0300][gc          ] GC(2) Pause Cleanup 9M->9M(1024M) 0.105ms
[2025-04-17T10:18:09.702+0300][gc,cpu      ] GC(2) User=0.00s Sys=0.00s Real=0.00s
[2025-04-17T10:18:09.702+0300][gc,marking  ] GC(2) Concurrent Clear Claimed Marks
[2025-04-17T10:18:09.702+0300][gc,marking  ] GC(2) Concurrent Clear Claimed Marks 0.012ms
[2025-04-17T10:18:09.702+0300][gc,marking  ] GC(2) Concurrent Cleanup for Next Mark
[2025-04-17T10:18:09.706+0300][gc,marking  ] GC(2) Concurrent Cleanup for Next Mark 3.151ms
[2025-04-17T10:18:09.706+0300][gc          ] GC(2) Concurrent Mark Cycle 10.306ms
[2025-04-17T10:18:10.318+0300][gc,start    ] GC(3) Pause Young (Prepare Mixed) (G1 Evacuation Pause)
[2025-04-17T10:18:10.318+0300][gc,task     ] GC(3) Using 8 workers of 8 for evacuation
[2025-04-17T10:18:10.321+0300][gc,phases   ] GC(3)   Pre Evacuate Collection Set: 0.2ms
[2025-04-17T10:18:10.321+0300][gc,phases   ] GC(3)   Merge Heap Roots: 0.0ms
[2025-04-17T10:18:10.321+0300][gc,phases   ] GC(3)   Evacuate Collection Set: 2.8ms
[2025-04-17T10:18:10.321+0300][gc,phases   ] GC(3)   Post Evacuate Collection Set: 0.4ms
[2025-04-17T10:18:10.321+0300][gc,phases   ] GC(3)   Other: 0.0ms
[2025-04-17T10:18:10.321+0300][gc,heap     ] GC(3) Eden regions: 50->0(44)
[2025-04-17T10:18:10.321+0300][gc,heap     ] GC(3) Survivor regions: 1->7(7)
[2025-04-17T10:18:10.321+0300][gc,heap     ] GC(3) Old regions: 10->10
[2025-04-17T10:18:10.321+0300][gc,heap     ] GC(3) Humongous regions: 129->129
[2025-04-17T10:18:10.321+0300][gc,metaspace] GC(3) Metaspace: 33579K(33920K)->33579K(33920K) NonClass: 29635K(29824K)->29635K(29824K) Class: 3943K(4096K)->3943K(4096K)
[2025-04-17T10:18:10.321+0300][gc          ] GC(3) Pause Young (Prepare Mixed) (G1 Evacuation Pause) 188M->143M(1024M) 3.578ms
[2025-04-17T10:18:10.321+0300][gc,cpu      ] GC(3) User=0.03s Sys=0.00s Real=0.00s
[2025-04-17T10:18:16.121+0300][gc,start    ] GC(4) Pause Young (Mixed) (Metadata GC Threshold)
[2025-04-17T10:18:16.121+0300][gc,task     ] GC(4) Using 8 workers of 8 for evacuation
[2025-04-17T10:18:16.124+0300][gc,phases   ] GC(4)   Pre Evacuate Collection Set: 0.3ms
[2025-04-17T10:18:16.125+0300][gc,phases   ] GC(4)   Merge Heap Roots: 0.1ms
[2025-04-17T10:18:16.125+0300][gc,phases   ] GC(4)   Evacuate Collection Set: 2.5ms
[2025-04-17T10:18:16.125+0300][gc,phases   ] GC(4)   Post Evacuate Collection Set: 0.8ms
[2025-04-17T10:18:16.125+0300][gc,phases   ] GC(4)   Other: 0.0ms
[2025-04-17T10:18:16.125+0300][gc,heap     ] GC(4) Eden regions: 11->0(50)
[2025-04-17T10:18:16.125+0300][gc,heap     ] GC(4) Survivor regions: 7->1(7)
[2025-04-17T10:18:16.125+0300][gc,heap     ] GC(4) Old regions: 10->15
[2025-04-17T10:18:16.125+0300][gc,heap     ] GC(4) Humongous regions: 129->129
[2025-04-17T10:18:16.125+0300][gc,metaspace] GC(4) Metaspace: 35809K(36096K)->35809K(36096K) NonClass: 31532K(31680K)->31532K(31680K) Class: 4277K(4416K)->4277K(4416K)
[2025-04-17T10:18:16.125+0300][gc          ] GC(4) Pause Young (Mixed) (Metadata GC Threshold) 154M->144M(1024M) 3.825ms
[2025-04-17T10:18:16.125+0300][gc,cpu      ] GC(4) User=0.01s Sys=0.01s Real=0.01s
[2025-04-17T10:18:39.720+0300][gc,start    ] GC(5) Pause Young (Concurrent Start) (Metadata GC Threshold)
[2025-04-17T10:18:39.720+0300][gc,task     ] GC(5) Using 8 workers of 8 for evacuation
[2025-04-17T10:18:39.721+0300][gc,phases   ] GC(5)   Pre Evacuate Collection Set: 0.2ms
[2025-04-17T10:18:39.721+0300][gc,phases   ] GC(5)   Merge Heap Roots: 0.0ms
[2025-04-17T10:18:39.721+0300][gc,phases   ] GC(5)   Evacuate Collection Set: 0.6ms
[2025-04-17T10:18:39.721+0300][gc,phases   ] GC(5)   Post Evacuate Collection Set: 0.2ms
[2025-04-17T10:18:39.721+0300][gc,phases   ] GC(5)   Other: 0.0ms
[2025-04-17T10:18:39.721+0300][gc,heap     ] GC(5) Eden regions: 5->0(50)
[2025-04-17T10:18:39.721+0300][gc,heap     ] GC(5) Survivor regions: 1->1(7)
[2025-04-17T10:18:39.721+0300][gc,heap     ] GC(5) Old regions: 15->15
[2025-04-17T10:18:39.721+0300][gc,heap     ] GC(5) Humongous regions: 129->129
[2025-04-17T10:18:39.721+0300][gc,metaspace] GC(5) Metaspace: 36150K(36416K)->36150K(36416K) NonClass: 31836K(32000K)->31836K(32000K) Class: 4314K(4416K)->4314K(4416K)
[2025-04-17T10:18:39.721+0300][gc          ] GC(5) Pause Young (Concurrent Start) (Metadata GC Threshold) 148M->143M(1024M) 1.270ms
[2025-04-17T10:18:39.721+0300][gc          ] GC(6) Concurrent Mark Cycle
[2025-04-17T10:18:39.721+0300][gc,marking  ] GC(6) Concurrent Scan Root Regions
[2025-04-17T10:18:39.721+0300][gc,cpu      ] GC(5) User=0.00s Sys=0.00s Real=0.00s
[2025-04-17T10:18:39.722+0300][gc,marking  ] GC(6) Concurrent Scan Root Regions 0.851ms
[2025-04-17T10:18:39.722+0300][gc,marking  ] GC(6) Concurrent Mark
[2025-04-17T10:18:39.722+0300][gc,marking  ] GC(6) Concurrent Mark From Roots
[2025-04-17T10:18:39.722+0300][gc,task     ] GC(6) Using 2 workers of 2 for marking
[2025-04-17T10:18:39.730+0300][gc,marking  ] GC(6) Concurrent Mark From Roots 8.580ms
[2025-04-17T10:18:39.731+0300][gc,marking  ] GC(6) Concurrent Preclean
[2025-04-17T10:18:39.731+0300][gc,marking  ] GC(6) Concurrent Preclean 0.039ms
[2025-04-17T10:18:39.731+0300][gc,start    ] GC(6) Pause Remark
[2025-04-17T10:18:39.732+0300][gc          ] GC(6) Pause Remark 144M->144M(1024M) 1.271ms
[2025-04-17T10:18:39.732+0300][gc,cpu      ] GC(6) User=0.01s Sys=0.00s Real=0.01s
[2025-04-17T10:18:39.732+0300][gc,marking  ] GC(6) Concurrent Mark 10.035ms
[2025-04-17T10:18:39.732+0300][gc,marking  ] GC(6) Concurrent Rebuild Remembered Sets and Scrub Regions
[2025-04-17T10:18:39.736+0300][gc,marking  ] GC(6) Concurrent Rebuild Remembered Sets and Scrub Regions 3.910ms
[2025-04-17T10:18:39.736+0300][gc,start    ] GC(6) Pause Cleanup
[2025-04-17T10:18:39.736+0300][gc          ] GC(6) Pause Cleanup 144M->144M(1024M) 0.142ms
[2025-04-17T10:18:39.736+0300][gc,cpu      ] GC(6) User=0.00s Sys=0.00s Real=0.00s
[2025-04-17T10:18:39.736+0300][gc,marking  ] GC(6) Concurrent Clear Claimed Marks
[2025-04-17T10:18:39.736+0300][gc,marking  ] GC(6) Concurrent Clear Claimed Marks 0.025ms
[2025-04-17T10:18:39.736+0300][gc,marking  ] GC(6) Concurrent Cleanup for Next Mark
[2025-04-17T10:18:39.738+0300][gc,marking  ] GC(6) Concurrent Cleanup for Next Mark 1.435ms
[2025-04-17T10:18:39.738+0300][gc          ] GC(6) Concurrent Mark Cycle 16.587ms
