[2025-04-16T22:06:01.126+0300][gc,init] CardTable entry size: 512
[2025-04-16T22:06:01.126+0300][gc     ] Using G1
[2025-04-16T22:06:01.131+0300][gc,init] Version: 21.0.6+7-Ubuntu-124.04.1 (release)
[2025-04-16T22:06:01.131+0300][gc,init] CPUs: 8 total, 8 available
[2025-04-16T22:06:01.131+0300][gc,init] Memory: 7708M
[2025-04-16T22:06:01.132+0300][gc,init] Large Page Support: Disabled
[2025-04-16T22:06:01.132+0300][gc,init] NUMA Support: Disabled
[2025-04-16T22:06:01.132+0300][gc,init] Compressed Oops: Enabled (32-bit)
[2025-04-16T22:06:01.132+0300][gc,init] Heap Region Size: 1M
[2025-04-16T22:06:01.132+0300][gc,init] Heap Min Capacity: 1G
[2025-04-16T22:06:01.132+0300][gc,init] Heap Initial Capacity: 1G
[2025-04-16T22:06:01.132+0300][gc,init] Heap Max Capacity: 1G
[2025-04-16T22:06:01.132+0300][gc,init] Pre-touch: Disabled
[2025-04-16T22:06:01.132+0300][gc,init] Parallel Workers: 8
[2025-04-16T22:06:01.132+0300][gc,init] Concurrent Workers: 2
[2025-04-16T22:06:01.132+0300][gc,init] Concurrent Refinement Workers: 8
[2025-04-16T22:06:01.132+0300][gc,init] Periodic GC: Disabled
[2025-04-16T22:06:01.137+0300][gc,metaspace] CDS archive(s) mapped at: [0x00007c7117000000-0x00007c7117c97000-0x00007c7117c97000), size 13201408, SharedBaseAddress: 0x00007c7117000000, ArchiveRelocationMode: 1.
[2025-04-16T22:06:01.137+0300][gc,metaspace] Compressed class space mapped at: 0x00007c7118000000-0x00007c7158000000, reserved size: 1073741824
[2025-04-16T22:06:01.137+0300][gc,metaspace] Narrow klass base: 0x00007c7117000000, Narrow klass shift: 0, Narrow klass range: 0x100000000
[2025-04-16T22:06:20.636+0300][gc,heap,exit] Heap
[2025-04-16T22:06:20.636+0300][gc,heap,exit]  garbage-first heap   total 1048576K, used 44081K [0x00000000c0000000, 0x0000000100000000)
[2025-04-16T22:06:20.636+0300][gc,heap,exit]   region size 1024K, 42 young (43008K), 0 survivors (0K)
[2025-04-16T22:06:20.636+0300][gc,heap,exit]  Metaspace       used 15214K, committed 15424K, reserved 1114112K
[2025-04-16T22:06:20.636+0300][gc,heap,exit]   class space    used 1935K, committed 2048K, reserved 1048576K
