[2025-04-16T22:06:29.379+0300][gc,init] CardTable entry size: 512
[2025-04-16T22:06:29.379+0300][gc     ] Using G1
[2025-04-16T22:06:29.386+0300][gc,init] Version: 21.0.6+7-Ubuntu-124.04.1 (release)
[2025-04-16T22:06:29.386+0300][gc,init] CPUs: 8 total, 8 available
[2025-04-16T22:06:29.386+0300][gc,init] Memory: 7708M
[2025-04-16T22:06:29.386+0300][gc,init] Large Page Support: Disabled
[2025-04-16T22:06:29.386+0300][gc,init] NUMA Support: Disabled
[2025-04-16T22:06:29.386+0300][gc,init] Compressed Oops: Enabled (32-bit)
[2025-04-16T22:06:29.386+0300][gc,init] Heap Region Size: 1M
[2025-04-16T22:06:29.386+0300][gc,init] Heap Min Capacity: 1G
[2025-04-16T22:06:29.386+0300][gc,init] Heap Initial Capacity: 1G
[2025-04-16T22:06:29.386+0300][gc,init] Heap Max Capacity: 1G
[2025-04-16T22:06:29.386+0300][gc,init] Pre-touch: Disabled
[2025-04-16T22:06:29.386+0300][gc,init] Parallel Workers: 8
[2025-04-16T22:06:29.386+0300][gc,init] Concurrent Workers: 2
[2025-04-16T22:06:29.386+0300][gc,init] Concurrent Refinement Workers: 8
[2025-04-16T22:06:29.386+0300][gc,init] Periodic GC: Disabled
[2025-04-16T22:06:29.391+0300][gc,metaspace] CDS archive(s) mapped at: [0x00007b670f000000-0x00007b670fc97000-0x00007b670fc97000), size 13201408, SharedBaseAddress: 0x00007b670f000000, ArchiveRelocationMode: 1.
[2025-04-16T22:06:29.391+0300][gc,metaspace] Compressed class space mapped at: 0x00007b6710000000-0x00007b6750000000, reserved size: 1073741824
[2025-04-16T22:06:29.391+0300][gc,metaspace] Narrow klass base: 0x00007b670f000000, Narrow klass shift: 0, Narrow klass range: 0x100000000
[2025-04-16T22:06:30.255+0300][gc,start    ] GC(0) Pause Young (Normal) (G1 Evacuation Pause)
[2025-04-16T22:06:30.256+0300][gc,task     ] GC(0) Using 8 workers of 8 for evacuation
[2025-04-16T22:06:30.259+0300][gc,phases   ] GC(0)   Pre Evacuate Collection Set: 0.2ms
[2025-04-16T22:06:30.259+0300][gc,phases   ] GC(0)   Merge Heap Roots: 0.0ms
[2025-04-16T22:06:30.259+0300][gc,phases   ] GC(0)   Evacuate Collection Set: 2.5ms
[2025-04-16T22:06:30.259+0300][gc,phases   ] GC(0)   Post Evacuate Collection Set: 0.4ms
[2025-04-16T22:06:30.259+0300][gc,phases   ] GC(0)   Other: 0.4ms
[2025-04-16T22:06:30.259+0300][gc,heap     ] GC(0) Eden regions: 51->0(44)
[2025-04-16T22:06:30.259+0300][gc,heap     ] GC(0) Survivor regions: 0->7(7)
[2025-04-16T22:06:30.259+0300][gc,heap     ] GC(0) Old regions: 2->3
[2025-04-16T22:06:30.259+0300][gc,heap     ] GC(0) Humongous regions: 0->0
[2025-04-16T22:06:30.259+0300][gc,metaspace] GC(0) Metaspace: 18650K(18944K)->18650K(18944K) NonClass: 16363K(16512K)->16363K(16512K) Class: 2287K(2432K)->2287K(2432K)
[2025-04-16T22:06:30.259+0300][gc          ] GC(0) Pause Young (Normal) (G1 Evacuation Pause) 52M->8M(1024M) 3.751ms
[2025-04-16T22:06:30.259+0300][gc,cpu      ] GC(0) User=0.01s Sys=0.01s Real=0.00s
[2025-04-16T22:06:30.380+0300][gc,start    ] GC(1) Pause Young (Concurrent Start) (Metadata GC Threshold)
[2025-04-16T22:06:30.380+0300][gc,task     ] GC(1) Using 8 workers of 8 for evacuation
[2025-04-16T22:06:30.383+0300][gc,phases   ] GC(1)   Pre Evacuate Collection Set: 0.3ms
[2025-04-16T22:06:30.383+0300][gc,phases   ] GC(1)   Merge Heap Roots: 0.0ms
[2025-04-16T22:06:30.383+0300][gc,phases   ] GC(1)   Evacuate Collection Set: 2.8ms
[2025-04-16T22:06:30.383+0300][gc,phases   ] GC(1)   Post Evacuate Collection Set: 0.3ms
[2025-04-16T22:06:30.383+0300][gc,phases   ] GC(1)   Other: 0.0ms
[2025-04-16T22:06:30.383+0300][gc,heap     ] GC(1) Eden regions: 10->0(50)
[2025-04-16T22:06:30.383+0300][gc,heap     ] GC(1) Survivor regions: 7->1(7)
[2025-04-16T22:06:30.383+0300][gc,heap     ] GC(1) Old regions: 3->10
[2025-04-16T22:06:30.383+0300][gc,heap     ] GC(1) Humongous regions: 0->0
[2025-04-16T22:06:30.383+0300][gc,metaspace] GC(1) Metaspace: 21332K(21504K)->21332K(21504K) NonClass: 18608K(18688K)->18608K(18688K) Class: 2724K(2816K)->2724K(2816K)
[2025-04-16T22:06:30.383+0300][gc          ] GC(1) Pause Young (Concurrent Start) (Metadata GC Threshold) 17M->9M(1024M) 3.655ms
[2025-04-16T22:06:30.383+0300][gc,cpu      ] GC(1) User=0.02s Sys=0.00s Real=0.01s
[2025-04-16T22:06:30.383+0300][gc          ] GC(2) Concurrent Mark Cycle
[2025-04-16T22:06:30.383+0300][gc,marking  ] GC(2) Concurrent Scan Root Regions
[2025-04-16T22:06:30.385+0300][gc,marking  ] GC(2) Concurrent Scan Root Regions 1.560ms
[2025-04-16T22:06:30.385+0300][gc,marking  ] GC(2) Concurrent Mark
[2025-04-16T22:06:30.385+0300][gc,marking  ] GC(2) Concurrent Mark From Roots
[2025-04-16T22:06:30.385+0300][gc,task     ] GC(2) Using 2 workers of 2 for marking
[2025-04-16T22:06:30.386+0300][gc,marking  ] GC(2) Concurrent Mark From Roots 1.371ms
[2025-04-16T22:06:30.386+0300][gc,marking  ] GC(2) Concurrent Preclean
[2025-04-16T22:06:30.386+0300][gc,marking  ] GC(2) Concurrent Preclean 0.010ms
[2025-04-16T22:06:30.386+0300][gc,start    ] GC(2) Pause Remark
[2025-04-16T22:06:30.388+0300][gc          ] GC(2) Pause Remark 9M->9M(1024M) 1.184ms
[2025-04-16T22:06:30.388+0300][gc,cpu      ] GC(2) User=0.00s Sys=0.00s Real=0.00s
[2025-04-16T22:06:30.388+0300][gc,marking  ] GC(2) Concurrent Mark 2.750ms
[2025-04-16T22:06:30.388+0300][gc,marking  ] GC(2) Concurrent Rebuild Remembered Sets and Scrub Regions
[2025-04-16T22:06:30.389+0300][gc,marking  ] GC(2) Concurrent Rebuild Remembered Sets and Scrub Regions 1.694ms
[2025-04-16T22:06:30.389+0300][gc,start    ] GC(2) Pause Cleanup
[2025-04-16T22:06:30.390+0300][gc          ] GC(2) Pause Cleanup 9M->9M(1024M) 0.141ms
[2025-04-16T22:06:30.390+0300][gc,cpu      ] GC(2) User=0.00s Sys=0.00s Real=0.00s
[2025-04-16T22:06:30.390+0300][gc,marking  ] GC(2) Concurrent Clear Claimed Marks
[2025-04-16T22:06:30.390+0300][gc,marking  ] GC(2) Concurrent Clear Claimed Marks 0.016ms
[2025-04-16T22:06:30.390+0300][gc,marking  ] GC(2) Concurrent Cleanup for Next Mark
[2025-04-16T22:06:30.393+0300][gc,marking  ] GC(2) Concurrent Cleanup for Next Mark 3.376ms
[2025-04-16T22:06:30.393+0300][gc          ] GC(2) Concurrent Mark Cycle 9.832ms
[2025-04-16T22:06:31.093+0300][gc,heap,exit] Heap
[2025-04-16T22:06:31.093+0300][gc,heap,exit]  garbage-first heap   total 1048576K, used 187127K [0x00000000c0000000, 0x0000000100000000)
[2025-04-16T22:06:31.093+0300][gc,heap,exit]   region size 1024K, 46 young (47104K), 1 survivors (1024K)
[2025-04-16T22:06:31.093+0300][gc,heap,exit]  Metaspace       used 30678K, committed 30976K, reserved 1114112K
[2025-04-16T22:06:31.093+0300][gc,heap,exit]   class space    used 3768K, committed 3904K, reserved 1048576K
