[2025-04-16T22:06:41.141+0300][gc,init] CardTable entry size: 512
[2025-04-16T22:06:41.141+0300][gc     ] Using G1
[2025-04-16T22:06:41.147+0300][gc,init] Version: 21.0.6+7-Ubuntu-124.04.1 (release)
[2025-04-16T22:06:41.147+0300][gc,init] CPUs: 8 total, 8 available
[2025-04-16T22:06:41.147+0300][gc,init] Memory: 7708M
[2025-04-16T22:06:41.147+0300][gc,init] Large Page Support: Disabled
[2025-04-16T22:06:41.147+0300][gc,init] NUMA Support: Disabled
[2025-04-16T22:06:41.147+0300][gc,init] Compressed Oops: Enabled (32-bit)
[2025-04-16T22:06:41.147+0300][gc,init] Heap Region Size: 1M
[2025-04-16T22:06:41.147+0300][gc,init] Heap Min Capacity: 1G
[2025-04-16T22:06:41.147+0300][gc,init] Heap Initial Capacity: 1G
[2025-04-16T22:06:41.147+0300][gc,init] Heap Max Capacity: 1G
[2025-04-16T22:06:41.147+0300][gc,init] Pre-touch: Disabled
[2025-04-16T22:06:41.147+0300][gc,init] Parallel Workers: 8
[2025-04-16T22:06:41.147+0300][gc,init] Concurrent Workers: 2
[2025-04-16T22:06:41.147+0300][gc,init] Concurrent Refinement Workers: 8
[2025-04-16T22:06:41.147+0300][gc,init] Periodic GC: Disabled
[2025-04-16T22:06:41.152+0300][gc,metaspace] CDS archive(s) mapped at: [0x00007b7ee7000000-0x00007b7ee7c97000-0x00007b7ee7c97000), size 13201408, SharedBaseAddress: 0x00007b7ee7000000, ArchiveRelocationMode: 1.
[2025-04-16T22:06:41.152+0300][gc,metaspace] Compressed class space mapped at: 0x00007b7ee8000000-0x00007b7f28000000, reserved size: 1073741824
[2025-04-16T22:06:41.152+0300][gc,metaspace] Narrow klass base: 0x00007b7ee7000000, Narrow klass shift: 0, Narrow klass range: 0x100000000
[2025-04-16T22:06:41.945+0300][gc,start    ] GC(0) Pause Young (Normal) (G1 Evacuation Pause)
[2025-04-16T22:06:41.945+0300][gc,task     ] GC(0) Using 8 workers of 8 for evacuation
[2025-04-16T22:06:41.949+0300][gc,phases   ] GC(0)   Pre Evacuate Collection Set: 0.2ms
[2025-04-16T22:06:41.949+0300][gc,phases   ] GC(0)   Merge Heap Roots: 0.0ms
[2025-04-16T22:06:41.949+0300][gc,phases   ] GC(0)   Evacuate Collection Set: 2.7ms
[2025-04-16T22:06:41.949+0300][gc,phases   ] GC(0)   Post Evacuate Collection Set: 0.5ms
[2025-04-16T22:06:41.949+0300][gc,phases   ] GC(0)   Other: 0.5ms
[2025-04-16T22:06:41.949+0300][gc,heap     ] GC(0) Eden regions: 51->0(44)
[2025-04-16T22:06:41.949+0300][gc,heap     ] GC(0) Survivor regions: 0->7(7)
[2025-04-16T22:06:41.949+0300][gc,heap     ] GC(0) Old regions: 2->3
[2025-04-16T22:06:41.949+0300][gc,heap     ] GC(0) Humongous regions: 0->0
[2025-04-16T22:06:41.949+0300][gc,metaspace] GC(0) Metaspace: 18583K(18816K)->18583K(18816K) NonClass: 16300K(16384K)->16300K(16384K) Class: 2283K(2432K)->2283K(2432K)
[2025-04-16T22:06:41.949+0300][gc          ] GC(0) Pause Young (Normal) (G1 Evacuation Pause) 52M->8M(1024M) 4.102ms
[2025-04-16T22:06:41.949+0300][gc,cpu      ] GC(0) User=0.02s Sys=0.00s Real=0.00s
[2025-04-16T22:06:42.065+0300][gc,start    ] GC(1) Pause Young (Concurrent Start) (Metadata GC Threshold)
[2025-04-16T22:06:42.065+0300][gc,task     ] GC(1) Using 8 workers of 8 for evacuation
[2025-04-16T22:06:42.068+0300][gc,phases   ] GC(1)   Pre Evacuate Collection Set: 0.2ms
[2025-04-16T22:06:42.068+0300][gc,phases   ] GC(1)   Merge Heap Roots: 0.0ms
[2025-04-16T22:06:42.068+0300][gc,phases   ] GC(1)   Evacuate Collection Set: 2.5ms
[2025-04-16T22:06:42.068+0300][gc,phases   ] GC(1)   Post Evacuate Collection Set: 0.3ms
[2025-04-16T22:06:42.068+0300][gc,phases   ] GC(1)   Other: 0.0ms
[2025-04-16T22:06:42.068+0300][gc,heap     ] GC(1) Eden regions: 10->0(49)
[2025-04-16T22:06:42.068+0300][gc,heap     ] GC(1) Survivor regions: 7->2(7)
[2025-04-16T22:06:42.068+0300][gc,heap     ] GC(1) Old regions: 3->9
[2025-04-16T22:06:42.068+0300][gc,heap     ] GC(1) Humongous regions: 0->0
[2025-04-16T22:06:42.068+0300][gc,metaspace] GC(1) Metaspace: 21318K(21504K)->21318K(21504K) NonClass: 18594K(18688K)->18594K(18688K) Class: 2724K(2816K)->2724K(2816K)
[2025-04-16T22:06:42.068+0300][gc          ] GC(1) Pause Young (Concurrent Start) (Metadata GC Threshold) 17M->9M(1024M) 3.201ms
[2025-04-16T22:06:42.068+0300][gc,cpu      ] GC(1) User=0.01s Sys=0.01s Real=0.00s
[2025-04-16T22:06:42.068+0300][gc          ] GC(2) Concurrent Mark Cycle
[2025-04-16T22:06:42.069+0300][gc,marking  ] GC(2) Concurrent Scan Root Regions
[2025-04-16T22:06:42.070+0300][gc,marking  ] GC(2) Concurrent Scan Root Regions 1.902ms
[2025-04-16T22:06:42.070+0300][gc,marking  ] GC(2) Concurrent Mark
[2025-04-16T22:06:42.070+0300][gc,marking  ] GC(2) Concurrent Mark From Roots
[2025-04-16T22:06:42.070+0300][gc,task     ] GC(2) Using 2 workers of 2 for marking
[2025-04-16T22:06:42.072+0300][gc,marking  ] GC(2) Concurrent Mark From Roots 1.295ms
[2025-04-16T22:06:42.072+0300][gc,marking  ] GC(2) Concurrent Preclean
[2025-04-16T22:06:42.072+0300][gc,marking  ] GC(2) Concurrent Preclean 0.007ms
[2025-04-16T22:06:42.072+0300][gc,start    ] GC(2) Pause Remark
[2025-04-16T22:06:42.073+0300][gc          ] GC(2) Pause Remark 10M->10M(1024M) 1.016ms
[2025-04-16T22:06:42.073+0300][gc,cpu      ] GC(2) User=0.00s Sys=0.00s Real=0.00s
[2025-04-16T22:06:42.073+0300][gc,marking  ] GC(2) Concurrent Mark 2.495ms
[2025-04-16T22:06:42.073+0300][gc,marking  ] GC(2) Concurrent Rebuild Remembered Sets and Scrub Regions
[2025-04-16T22:06:42.075+0300][gc,marking  ] GC(2) Concurrent Rebuild Remembered Sets and Scrub Regions 1.638ms
[2025-04-16T22:06:42.075+0300][gc,start    ] GC(2) Pause Cleanup
[2025-04-16T22:06:42.075+0300][gc          ] GC(2) Pause Cleanup 10M->10M(1024M) 0.131ms
[2025-04-16T22:06:42.075+0300][gc,cpu      ] GC(2) User=0.00s Sys=0.00s Real=0.00s
[2025-04-16T22:06:42.075+0300][gc,marking  ] GC(2) Concurrent Clear Claimed Marks
[2025-04-16T22:06:42.075+0300][gc,marking  ] GC(2) Concurrent Clear Claimed Marks 0.017ms
[2025-04-16T22:06:42.075+0300][gc,marking  ] GC(2) Concurrent Cleanup for Next Mark
[2025-04-16T22:06:42.079+0300][gc,marking  ] GC(2) Concurrent Cleanup for Next Mark 3.547ms
[2025-04-16T22:06:42.079+0300][gc          ] GC(2) Concurrent Mark Cycle 10.060ms
[2025-04-16T22:06:42.777+0300][gc,heap,exit] Heap
[2025-04-16T22:06:42.777+0300][gc,heap,exit]  garbage-first heap   total 1048576K, used 187575K [0x00000000c0000000, 0x0000000100000000)
[2025-04-16T22:06:42.777+0300][gc,heap,exit]   region size 1024K, 47 young (48128K), 2 survivors (2048K)
[2025-04-16T22:06:42.777+0300][gc,heap,exit]  Metaspace       used 30658K, committed 30912K, reserved 1114112K
[2025-04-16T22:06:42.777+0300][gc,heap,exit]   class space    used 3768K, committed 3904K, reserved 1048576K
