[2025-04-16T22:06:43.669+0300][gc,init] CardTable entry size: 512
[2025-04-16T22:06:43.669+0300][gc     ] Using G1
[2025-04-16T22:06:43.675+0300][gc,init] Version: 21.0.6+7-Ubuntu-124.04.1 (release)
[2025-04-16T22:06:43.675+0300][gc,init] CPUs: 8 total, 8 available
[2025-04-16T22:06:43.675+0300][gc,init] Memory: 7708M
[2025-04-16T22:06:43.675+0300][gc,init] Large Page Support: Disabled
[2025-04-16T22:06:43.675+0300][gc,init] NUMA Support: Disabled
[2025-04-16T22:06:43.675+0300][gc,init] Compressed Oops: Enabled (32-bit)
[2025-04-16T22:06:43.675+0300][gc,init] Heap Region Size: 1M
[2025-04-16T22:06:43.675+0300][gc,init] Heap Min Capacity: 1G
[2025-04-16T22:06:43.675+0300][gc,init] Heap Initial Capacity: 1G
[2025-04-16T22:06:43.675+0300][gc,init] Heap Max Capacity: 1G
[2025-04-16T22:06:43.675+0300][gc,init] Pre-touch: Disabled
[2025-04-16T22:06:43.675+0300][gc,init] Parallel Workers: 8
[2025-04-16T22:06:43.675+0300][gc,init] Concurrent Workers: 2
[2025-04-16T22:06:43.675+0300][gc,init] Concurrent Refinement Workers: 8
[2025-04-16T22:06:43.675+0300][gc,init] Periodic GC: Disabled
[2025-04-16T22:06:43.681+0300][gc,metaspace] CDS archive(s) mapped at: [0x000071b537000000-0x000071b537c97000-0x000071b537c97000), size 13201408, SharedBaseAddress: 0x000071b537000000, ArchiveRelocationMode: 1.
[2025-04-16T22:06:43.681+0300][gc,metaspace] Compressed class space mapped at: 0x000071b538000000-0x000071b578000000, reserved size: 1073741824
[2025-04-16T22:06:43.681+0300][gc,metaspace] Narrow klass base: 0x000071b537000000, Narrow klass shift: 0, Narrow klass range: 0x100000000
[2025-04-16T22:06:44.555+0300][gc,start    ] GC(0) Pause Young (Normal) (G1 Evacuation Pause)
[2025-04-16T22:06:44.555+0300][gc,task     ] GC(0) Using 8 workers of 8 for evacuation
[2025-04-16T22:06:44.559+0300][gc,phases   ] GC(0)   Pre Evacuate Collection Set: 0.2ms
[2025-04-16T22:06:44.559+0300][gc,phases   ] GC(0)   Merge Heap Roots: 0.0ms
[2025-04-16T22:06:44.559+0300][gc,phases   ] GC(0)   Evacuate Collection Set: 2.8ms
[2025-04-16T22:06:44.559+0300][gc,phases   ] GC(0)   Post Evacuate Collection Set: 0.4ms
[2025-04-16T22:06:44.559+0300][gc,phases   ] GC(0)   Other: 0.6ms
[2025-04-16T22:06:44.559+0300][gc,heap     ] GC(0) Eden regions: 51->0(44)
[2025-04-16T22:06:44.559+0300][gc,heap     ] GC(0) Survivor regions: 0->7(7)
[2025-04-16T22:06:44.559+0300][gc,heap     ] GC(0) Old regions: 2->3
[2025-04-16T22:06:44.559+0300][gc,heap     ] GC(0) Humongous regions: 0->0
[2025-04-16T22:06:44.559+0300][gc,metaspace] GC(0) Metaspace: 18591K(18880K)->18591K(18880K) NonClass: 16308K(16448K)->16308K(16448K) Class: 2283K(2432K)->2283K(2432K)
[2025-04-16T22:06:44.559+0300][gc          ] GC(0) Pause Young (Normal) (G1 Evacuation Pause) 52M->8M(1024M) 4.209ms
[2025-04-16T22:06:44.559+0300][gc,cpu      ] GC(0) User=0.02s Sys=0.01s Real=0.00s
[2025-04-16T22:06:44.685+0300][gc,start    ] GC(1) Pause Young (Concurrent Start) (Metadata GC Threshold)
[2025-04-16T22:06:44.685+0300][gc,task     ] GC(1) Using 8 workers of 8 for evacuation
[2025-04-16T22:06:44.688+0300][gc,phases   ] GC(1)   Pre Evacuate Collection Set: 0.2ms
[2025-04-16T22:06:44.688+0300][gc,phases   ] GC(1)   Merge Heap Roots: 0.0ms
[2025-04-16T22:06:44.688+0300][gc,phases   ] GC(1)   Evacuate Collection Set: 2.4ms
[2025-04-16T22:06:44.688+0300][gc,phases   ] GC(1)   Post Evacuate Collection Set: 0.3ms
[2025-04-16T22:06:44.688+0300][gc,phases   ] GC(1)   Other: 0.0ms
[2025-04-16T22:06:44.688+0300][gc,heap     ] GC(1) Eden regions: 10->0(50)
[2025-04-16T22:06:44.688+0300][gc,heap     ] GC(1) Survivor regions: 7->1(7)
[2025-04-16T22:06:44.688+0300][gc,heap     ] GC(1) Old regions: 3->10
[2025-04-16T22:06:44.688+0300][gc,heap     ] GC(1) Humongous regions: 0->0
[2025-04-16T22:06:44.688+0300][gc,metaspace] GC(1) Metaspace: 21324K(21504K)->21324K(21504K) NonClass: 18601K(18688K)->18601K(18688K) Class: 2723K(2816K)->2723K(2816K)
[2025-04-16T22:06:44.688+0300][gc          ] GC(1) Pause Young (Concurrent Start) (Metadata GC Threshold) 17M->9M(1024M) 3.065ms
[2025-04-16T22:06:44.688+0300][gc,cpu      ] GC(1) User=0.02s Sys=0.00s Real=0.00s
[2025-04-16T22:06:44.688+0300][gc          ] GC(2) Concurrent Mark Cycle
[2025-04-16T22:06:44.688+0300][gc,marking  ] GC(2) Concurrent Scan Root Regions
[2025-04-16T22:06:44.689+0300][gc,marking  ] GC(2) Concurrent Scan Root Regions 1.602ms
[2025-04-16T22:06:44.689+0300][gc,marking  ] GC(2) Concurrent Mark
[2025-04-16T22:06:44.689+0300][gc,marking  ] GC(2) Concurrent Mark From Roots
[2025-04-16T22:06:44.689+0300][gc,task     ] GC(2) Using 2 workers of 2 for marking
[2025-04-16T22:06:44.691+0300][gc,marking  ] GC(2) Concurrent Mark From Roots 1.730ms
[2025-04-16T22:06:44.691+0300][gc,marking  ] GC(2) Concurrent Preclean
[2025-04-16T22:06:44.691+0300][gc,marking  ] GC(2) Concurrent Preclean 0.009ms
[2025-04-16T22:06:44.691+0300][gc,start    ] GC(2) Pause Remark
[2025-04-16T22:06:44.692+0300][gc          ] GC(2) Pause Remark 10M->10M(1024M) 1.075ms
[2025-04-16T22:06:44.692+0300][gc,cpu      ] GC(2) User=0.00s Sys=0.00s Real=0.00s
[2025-04-16T22:06:44.692+0300][gc,marking  ] GC(2) Concurrent Mark 2.991ms
[2025-04-16T22:06:44.692+0300][gc,marking  ] GC(2) Concurrent Rebuild Remembered Sets and Scrub Regions
[2025-04-16T22:06:44.694+0300][gc,marking  ] GC(2) Concurrent Rebuild Remembered Sets and Scrub Regions 1.469ms
[2025-04-16T22:06:44.694+0300][gc,start    ] GC(2) Pause Cleanup
[2025-04-16T22:06:44.694+0300][gc          ] GC(2) Pause Cleanup 10M->10M(1024M) 0.218ms
[2025-04-16T22:06:44.694+0300][gc,cpu      ] GC(2) User=0.00s Sys=0.00s Real=0.00s
[2025-04-16T22:06:44.694+0300][gc,marking  ] GC(2) Concurrent Clear Claimed Marks
[2025-04-16T22:06:44.694+0300][gc,marking  ] GC(2) Concurrent Clear Claimed Marks 0.024ms
[2025-04-16T22:06:44.694+0300][gc,marking  ] GC(2) Concurrent Cleanup for Next Mark
[2025-04-16T22:06:44.698+0300][gc,marking  ] GC(2) Concurrent Cleanup for Next Mark 3.496ms
[2025-04-16T22:06:44.698+0300][gc          ] GC(2) Concurrent Mark Cycle 10.088ms
[2025-04-16T22:06:45.234+0300][gc,start    ] GC(3) Pause Young (Prepare Mixed) (GCLocker Initiated GC)
[2025-04-16T22:06:45.234+0300][gc,task     ] GC(3) Using 8 workers of 8 for evacuation
[2025-04-16T22:06:45.238+0300][gc,phases   ] GC(3)   Pre Evacuate Collection Set: 0.2ms
[2025-04-16T22:06:45.238+0300][gc,phases   ] GC(3)   Merge Heap Roots: 0.0ms
[2025-04-16T22:06:45.238+0300][gc,phases   ] GC(3)   Evacuate Collection Set: 3.0ms
[2025-04-16T22:06:45.238+0300][gc,phases   ] GC(3)   Post Evacuate Collection Set: 0.5ms
[2025-04-16T22:06:45.238+0300][gc,phases   ] GC(3)   Other: 0.1ms
[2025-04-16T22:06:45.238+0300][gc,heap     ] GC(3) Eden regions: 51->0(44)
[2025-04-16T22:06:45.238+0300][gc,heap     ] GC(3) Survivor regions: 1->7(7)
[2025-04-16T22:06:45.238+0300][gc,heap     ] GC(3) Old regions: 10->10
[2025-04-16T22:06:45.238+0300][gc,heap     ] GC(3) Humongous regions: 129->129
[2025-04-16T22:06:45.238+0300][gc,metaspace] GC(3) Metaspace: 33455K(33728K)->33455K(33728K) NonClass: 29498K(29632K)->29498K(29632K) Class: 3957K(4096K)->3957K(4096K)
[2025-04-16T22:06:45.238+0300][gc          ] GC(3) Pause Young (Prepare Mixed) (GCLocker Initiated GC) 188M->143M(1024M) 3.945ms
[2025-04-16T22:06:45.238+0300][gc,cpu      ] GC(3) User=0.02s Sys=0.00s Real=0.00s
[2025-04-16T22:07:05.714+0300][gc,start    ] GC(4) Pause Young (Mixed) (Metadata GC Threshold)
[2025-04-16T22:07:05.714+0300][gc,task     ] GC(4) Using 8 workers of 8 for evacuation
[2025-04-16T22:07:05.717+0300][gc,phases   ] GC(4)   Pre Evacuate Collection Set: 0.4ms
[2025-04-16T22:07:05.717+0300][gc,phases   ] GC(4)   Merge Heap Roots: 0.1ms
[2025-04-16T22:07:05.717+0300][gc,phases   ] GC(4)   Evacuate Collection Set: 2.7ms
[2025-04-16T22:07:05.717+0300][gc,phases   ] GC(4)   Post Evacuate Collection Set: 0.3ms
[2025-04-16T22:07:05.717+0300][gc,phases   ] GC(4)   Other: 0.1ms
[2025-04-16T22:07:05.717+0300][gc,heap     ] GC(4) Eden regions: 12->0(50)
[2025-04-16T22:07:05.717+0300][gc,heap     ] GC(4) Survivor regions: 7->1(7)
[2025-04-16T22:07:05.717+0300][gc,heap     ] GC(4) Old regions: 10->15
[2025-04-16T22:07:05.717+0300][gc,heap     ] GC(4) Humongous regions: 129->129
[2025-04-16T22:07:05.717+0300][gc,metaspace] GC(4) Metaspace: 35825K(36096K)->35825K(36096K) NonClass: 31552K(31680K)->31552K(31680K) Class: 4272K(4416K)->4272K(4416K)
[2025-04-16T22:07:05.717+0300][gc          ] GC(4) Pause Young (Mixed) (Metadata GC Threshold) 154M->144M(1024M) 3.770ms
[2025-04-16T22:07:05.717+0300][gc,cpu      ] GC(4) User=0.02s Sys=0.01s Real=0.00s
[2025-04-16T22:07:30.152+0300][gc,start    ] GC(5) Pause Young (Concurrent Start) (Metadata GC Threshold)
[2025-04-16T22:07:30.152+0300][gc,task     ] GC(5) Using 8 workers of 8 for evacuation
[2025-04-16T22:07:30.153+0300][gc,phases   ] GC(5)   Pre Evacuate Collection Set: 0.2ms
[2025-04-16T22:07:30.153+0300][gc,phases   ] GC(5)   Merge Heap Roots: 0.0ms
[2025-04-16T22:07:30.153+0300][gc,phases   ] GC(5)   Evacuate Collection Set: 0.6ms
[2025-04-16T22:07:30.153+0300][gc,phases   ] GC(5)   Post Evacuate Collection Set: 0.3ms
[2025-04-16T22:07:30.153+0300][gc,phases   ] GC(5)   Other: 0.0ms
[2025-04-16T22:07:30.153+0300][gc,heap     ] GC(5) Eden regions: 5->0(50)
[2025-04-16T22:07:30.153+0300][gc,heap     ] GC(5) Survivor regions: 1->1(7)
[2025-04-16T22:07:30.153+0300][gc,heap     ] GC(5) Old regions: 15->15
[2025-04-16T22:07:30.153+0300][gc,heap     ] GC(5) Humongous regions: 129->129
[2025-04-16T22:07:30.153+0300][gc,metaspace] GC(5) Metaspace: 36161K(36416K)->36161K(36416K) NonClass: 31852K(32000K)->31852K(32000K) Class: 4309K(4416K)->4309K(4416K)
[2025-04-16T22:07:30.153+0300][gc          ] GC(5) Pause Young (Concurrent Start) (Metadata GC Threshold) 149M->144M(1024M) 1.343ms
[2025-04-16T22:07:30.153+0300][gc          ] GC(6) Concurrent Mark Cycle
[2025-04-16T22:07:30.153+0300][gc,marking  ] GC(6) Concurrent Scan Root Regions
[2025-04-16T22:07:30.153+0300][gc,cpu      ] GC(5) User=0.01s Sys=0.00s Real=0.00s
[2025-04-16T22:07:30.154+0300][gc,marking  ] GC(6) Concurrent Scan Root Regions 0.831ms
[2025-04-16T22:07:30.154+0300][gc,marking  ] GC(6) Concurrent Mark
[2025-04-16T22:07:30.154+0300][gc,marking  ] GC(6) Concurrent Mark From Roots
[2025-04-16T22:07:30.154+0300][gc,task     ] GC(6) Using 2 workers of 2 for marking
[2025-04-16T22:07:30.162+0300][gc,marking  ] GC(6) Concurrent Mark From Roots 7.711ms
[2025-04-16T22:07:30.162+0300][gc,marking  ] GC(6) Concurrent Preclean
[2025-04-16T22:07:30.162+0300][gc,marking  ] GC(6) Concurrent Preclean 0.030ms
[2025-04-16T22:07:30.162+0300][gc,start    ] GC(6) Pause Remark
[2025-04-16T22:07:30.163+0300][gc          ] GC(6) Pause Remark 145M->145M(1024M) 1.606ms
[2025-04-16T22:07:30.163+0300][gc,cpu      ] GC(6) User=0.01s Sys=0.00s Real=0.00s
[2025-04-16T22:07:30.163+0300][gc,marking  ] GC(6) Concurrent Mark 9.541ms
[2025-04-16T22:07:30.163+0300][gc,marking  ] GC(6) Concurrent Rebuild Remembered Sets and Scrub Regions
[2025-04-16T22:07:30.167+0300][gc,marking  ] GC(6) Concurrent Rebuild Remembered Sets and Scrub Regions 3.491ms
[2025-04-16T22:07:30.167+0300][gc,start    ] GC(6) Pause Cleanup
[2025-04-16T22:07:30.167+0300][gc          ] GC(6) Pause Cleanup 145M->145M(1024M) 0.181ms
[2025-04-16T22:07:30.167+0300][gc,cpu      ] GC(6) User=0.00s Sys=0.00s Real=0.00s
[2025-04-16T22:07:30.167+0300][gc,marking  ] GC(6) Concurrent Clear Claimed Marks
[2025-04-16T22:07:30.167+0300][gc,marking  ] GC(6) Concurrent Clear Claimed Marks 0.033ms
[2025-04-16T22:07:30.167+0300][gc,marking  ] GC(6) Concurrent Cleanup for Next Mark
[2025-04-16T22:07:30.169+0300][gc,marking  ] GC(6) Concurrent Cleanup for Next Mark 1.270ms
[2025-04-16T22:07:30.169+0300][gc          ] GC(6) Concurrent Mark Cycle 15.553ms
[2025-04-16T22:14:14.597+0300][gc,start    ] GC(7) Pause Young (Prepare Mixed) (G1 Evacuation Pause)
[2025-04-16T22:14:14.605+0300][gc,task     ] GC(7) Using 8 workers of 8 for evacuation
[2025-04-16T22:14:14.609+0300][gc,phases   ] GC(7)   Pre Evacuate Collection Set: 0.4ms
[2025-04-16T22:14:14.609+0300][gc,phases   ] GC(7)   Merge Heap Roots: 0.0ms
[2025-04-16T22:14:14.609+0300][gc,phases   ] GC(7)   Evacuate Collection Set: 2.7ms
[2025-04-16T22:14:14.609+0300][gc,phases   ] GC(7)   Post Evacuate Collection Set: 0.4ms
[2025-04-16T22:14:14.609+0300][gc,phases   ] GC(7)   Other: 0.1ms
[2025-04-16T22:14:14.609+0300][gc,heap     ] GC(7) Eden regions: 50->0(46)
[2025-04-16T22:14:14.609+0300][gc,heap     ] GC(7) Survivor regions: 1->5(7)
[2025-04-16T22:14:14.609+0300][gc,heap     ] GC(7) Old regions: 15->15
[2025-04-16T22:14:14.609+0300][gc,heap     ] GC(7) Humongous regions: 129->129
[2025-04-16T22:14:14.609+0300][gc,metaspace] GC(7) Metaspace: 42453K(43072K)->42453K(43072K) NonClass: 37201K(37568K)->37201K(37568K) Class: 5251K(5504K)->5251K(5504K)
[2025-04-16T22:14:14.609+0300][gc          ] GC(7) Pause Young (Prepare Mixed) (G1 Evacuation Pause) 194M->147M(1024M) 11.328ms
[2025-04-16T22:14:14.609+0300][gc,cpu      ] GC(7) User=0.03s Sys=0.00s Real=0.01s
[2025-04-16T22:24:55.446+0300][gc,start    ] GC(8) Pause Young (Mixed) (G1 Evacuation Pause)
[2025-04-16T22:24:55.446+0300][gc,task     ] GC(8) Using 8 workers of 8 for evacuation
[2025-04-16T22:24:55.451+0300][gc,phases   ] GC(8)   Pre Evacuate Collection Set: 0.3ms
[2025-04-16T22:24:55.451+0300][gc,phases   ] GC(8)   Merge Heap Roots: 0.2ms
[2025-04-16T22:24:55.451+0300][gc,phases   ] GC(8)   Evacuate Collection Set: 3.3ms
[2025-04-16T22:24:55.451+0300][gc,phases   ] GC(8)   Post Evacuate Collection Set: 0.4ms
[2025-04-16T22:24:55.451+0300][gc,phases   ] GC(8)   Other: 0.0ms
[2025-04-16T22:24:55.451+0300][gc,heap     ] GC(8) Eden regions: 46->0(48)
[2025-04-16T22:24:55.451+0300][gc,heap     ] GC(8) Survivor regions: 5->3(7)
[2025-04-16T22:24:55.451+0300][gc,heap     ] GC(8) Old regions: 15->18
[2025-04-16T22:24:55.451+0300][gc,heap     ] GC(8) Humongous regions: 129->129
[2025-04-16T22:24:55.451+0300][gc,metaspace] GC(8) Metaspace: 43034K(43712K)->43034K(43712K) NonClass: 37766K(38144K)->37766K(38144K) Class: 5268K(5568K)->5268K(5568K)
[2025-04-16T22:24:55.451+0300][gc          ] GC(8) Pause Young (Mixed) (G1 Evacuation Pause) 193M->149M(1024M) 4.384ms
[2025-04-16T22:24:55.451+0300][gc,cpu      ] GC(8) User=0.02s Sys=0.00s Real=0.01s
[2025-04-17T00:27:25.102+0300][gc,start    ] GC(9) Pause Young (Normal) (G1 Evacuation Pause)
[2025-04-17T00:27:25.105+0300][gc,task     ] GC(9) Using 8 workers of 8 for evacuation
[2025-04-17T00:27:25.111+0300][gc,phases   ] GC(9)   Pre Evacuate Collection Set: 0.5ms
[2025-04-17T00:27:25.111+0300][gc,phases   ] GC(9)   Merge Heap Roots: 0.1ms
[2025-04-17T00:27:25.111+0300][gc,phases   ] GC(9)   Evacuate Collection Set: 4.2ms
[2025-04-17T00:27:25.111+0300][gc,phases   ] GC(9)   Post Evacuate Collection Set: 0.9ms
[2025-04-17T00:27:25.111+0300][gc,phases   ] GC(9)   Other: 1.6ms
[2025-04-17T00:27:25.111+0300][gc,heap     ] GC(9) Eden regions: 48->0(46)
[2025-04-17T00:27:25.111+0300][gc,heap     ] GC(9) Survivor regions: 3->5(7)
[2025-04-17T00:27:25.111+0300][gc,heap     ] GC(9) Old regions: 18->18
[2025-04-17T00:27:25.111+0300][gc,heap     ] GC(9) Humongous regions: 129->129
[2025-04-17T00:27:25.111+0300][gc,metaspace] GC(9) Metaspace: 43283K(43904K)->43283K(43904K) NonClass: 37983K(38336K)->37983K(38336K) Class: 5300K(5568K)->5300K(5568K)
[2025-04-17T00:27:25.112+0300][gc          ] GC(9) Pause Young (Normal) (G1 Evacuation Pause) 197M->151M(1024M) 9.158ms
[2025-04-17T00:27:25.112+0300][gc,cpu      ] GC(9) User=0.02s Sys=0.00s Real=0.01s
[2025-04-17T00:54:25.283+0300][gc,heap,exit] Heap
[2025-04-17T00:54:25.283+0300][gc,heap,exit]  garbage-first heap   total 1048576K, used 198094K [0x00000000c0000000, 0x0000000100000000)
[2025-04-17T00:54:25.283+0300][gc,heap,exit]   region size 1024K, 47 young (48128K), 5 survivors (5120K)
[2025-04-17T00:54:25.283+0300][gc,heap,exit]  Metaspace       used 44094K, committed 44800K, reserved 1114112K
[2025-04-17T00:54:25.283+0300][gc,heap,exit]   class space    used 5456K, committed 5760K, reserved 1048576K
