[2025-04-16T22:06:24.507+0300][gc,init] CardTable entry size: 512
[2025-04-16T22:06:24.508+0300][gc     ] Using G1
[2025-04-16T22:06:24.511+0300][gc,init] Version: 21.0.6+7-Ubuntu-124.04.1 (release)
[2025-04-16T22:06:24.511+0300][gc,init] CPUs: 8 total, 8 available
[2025-04-16T22:06:24.511+0300][gc,init] Memory: 7708M
[2025-04-16T22:06:24.511+0300][gc,init] Large Page Support: Disabled
[2025-04-16T22:06:24.511+0300][gc,init] NUMA Support: Disabled
[2025-04-16T22:06:24.511+0300][gc,init] Compressed Oops: Enabled (32-bit)
[2025-04-16T22:06:24.511+0300][gc,init] Heap Region Size: 1M
[2025-04-16T22:06:24.511+0300][gc,init] Heap Min Capacity: 512M
[2025-04-16T22:06:24.511+0300][gc,init] Heap Initial Capacity: 512M
[2025-04-16T22:06:24.511+0300][gc,init] Heap Max Capacity: 512M
[2025-04-16T22:06:24.511+0300][gc,init] Pre-touch: Disabled
[2025-04-16T22:06:24.511+0300][gc,init] Parallel Workers: 8
[2025-04-16T22:06:24.511+0300][gc,init] Concurrent Workers: 2
[2025-04-16T22:06:24.511+0300][gc,init] Concurrent Refinement Workers: 8
[2025-04-16T22:06:24.511+0300][gc,init] Periodic GC: Disabled
[2025-04-16T22:06:24.516+0300][gc,metaspace] CDS archive(s) mapped at: [0x000079724f000000-0x000079724fc97000-0x000079724fc97000), size 13201408, SharedBaseAddress: 0x000079724f000000, ArchiveRelocationMode: 1.
[2025-04-16T22:06:24.516+0300][gc,metaspace] Compressed class space mapped at: 0x0000797250000000-0x0000797290000000, reserved size: 1073741824
[2025-04-16T22:06:24.516+0300][gc,metaspace] Narrow klass base: 0x000079724f000000, Narrow klass shift: 0, Narrow klass range: 0x100000000
[2025-04-16T22:06:24.922+0300][gc,start    ] GC(0) Pause Young (Normal) (G1 Evacuation Pause)
[2025-04-16T22:06:24.923+0300][gc,task     ] GC(0) Using 8 workers of 8 for evacuation
[2025-04-16T22:06:24.926+0300][gc,phases   ] GC(0)   Pre Evacuate Collection Set: 0.1ms
[2025-04-16T22:06:24.926+0300][gc,phases   ] GC(0)   Merge Heap Roots: 0.0ms
[2025-04-16T22:06:24.926+0300][gc,phases   ] GC(0)   Evacuate Collection Set: 2.5ms
[2025-04-16T22:06:24.926+0300][gc,phases   ] GC(0)   Post Evacuate Collection Set: 0.4ms
[2025-04-16T22:06:24.926+0300][gc,phases   ] GC(0)   Other: 0.4ms
[2025-04-16T22:06:24.926+0300][gc,heap     ] GC(0) Eden regions: 25->0(21)
[2025-04-16T22:06:24.926+0300][gc,heap     ] GC(0) Survivor regions: 0->4(4)
[2025-04-16T22:06:24.926+0300][gc,heap     ] GC(0) Old regions: 2->6
[2025-04-16T22:06:24.926+0300][gc,heap     ] GC(0) Humongous regions: 0->0
[2025-04-16T22:06:24.926+0300][gc,metaspace] GC(0) Metaspace: 8297K(8512K)->8297K(8512K) NonClass: 7441K(7552K)->7441K(7552K) Class: 855K(960K)->855K(960K)
[2025-04-16T22:06:24.926+0300][gc          ] GC(0) Pause Young (Normal) (G1 Evacuation Pause) 26M->8M(512M) 3.609ms
[2025-04-16T22:06:24.926+0300][gc,cpu      ] GC(0) User=0.02s Sys=0.01s Real=0.00s
[2025-04-17T00:54:25.682+0300][gc,heap,exit] Heap
[2025-04-17T00:54:25.682+0300][gc,heap,exit]  garbage-first heap   total 524288K, used 22849K [0x00000000e0000000, 0x0000000100000000)
[2025-04-17T00:54:25.682+0300][gc,heap,exit]   region size 1024K, 19 young (19456K), 4 survivors (4096K)
[2025-04-17T00:54:25.682+0300][gc,heap,exit]  Metaspace       used 9611K, committed 9792K, reserved 1114112K
[2025-04-17T00:54:25.682+0300][gc,heap,exit]   class space    used 940K, committed 1024K, reserved 1048576K
