[2025-04-16T21:49:29.389+0300][gc,init] CardTable entry size: 512
[2025-04-16T21:49:29.389+0300][gc     ] Using G1
[2025-04-16T21:49:29.392+0300][gc,init] Version: 21.0.6+7-Ubuntu-124.04.1 (release)
[2025-04-16T21:49:29.392+0300][gc,init] CPUs: 8 total, 8 available
[2025-04-16T21:49:29.392+0300][gc,init] Memory: 7708M
[2025-04-16T21:49:29.392+0300][gc,init] Large Page Support: Disabled
[2025-04-16T21:49:29.392+0300][gc,init] NUMA Support: Disabled
[2025-04-16T21:49:29.392+0300][gc,init] Compressed Oops: Enabled (32-bit)
[2025-04-16T21:49:29.392+0300][gc,init] Heap Region Size: 1M
[2025-04-16T21:49:29.392+0300][gc,init] Heap Min Capacity: 512M
[2025-04-16T21:49:29.392+0300][gc,init] Heap Initial Capacity: 512M
[2025-04-16T21:49:29.392+0300][gc,init] Heap Max Capacity: 512M
[2025-04-16T21:49:29.392+0300][gc,init] Pre-touch: Disabled
[2025-04-16T21:49:29.392+0300][gc,init] Parallel Workers: 8
[2025-04-16T21:49:29.392+0300][gc,init] Concurrent Workers: 2
[2025-04-16T21:49:29.392+0300][gc,init] Concurrent Refinement Workers: 8
[2025-04-16T21:49:29.392+0300][gc,init] Periodic GC: Disabled
[2025-04-16T21:49:29.397+0300][gc,metaspace] CDS archive(s) mapped at: [0x0000729527000000-0x0000729527c97000-0x0000729527c97000), size 13201408, SharedBaseAddress: 0x0000729527000000, ArchiveRelocationMode: 1.
[2025-04-16T21:49:29.397+0300][gc,metaspace] Compressed class space mapped at: 0x0000729528000000-0x0000729568000000, reserved size: 1073741824
[2025-04-16T21:49:29.397+0300][gc,metaspace] Narrow klass base: 0x0000729527000000, Narrow klass shift: 0, Narrow klass range: 0x100000000
[2025-04-16T21:49:29.734+0300][gc,heap,exit] Heap
[2025-04-16T21:49:29.734+0300][gc,heap,exit]  garbage-first heap   total 524288K, used 23089K [0x00000000e0000000, 0x0000000100000000)
[2025-04-16T21:49:29.734+0300][gc,heap,exit]   region size 1024K, 22 young (22528K), 0 survivors (0K)
[2025-04-16T21:49:29.734+0300][gc,heap,exit]  Metaspace       used 7622K, committed 7872K, reserved 1114112K
[2025-04-16T21:49:29.734+0300][gc,heap,exit]   class space    used 793K, committed 896K, reserved 1048576K
